[dotenv@17.2.3] injecting env (8) from .env -- tip: ≡ƒöÉ prevent committing .env to code: https://dotenvx.com/precommit
--- Testing API Key Connection ---
Logic: Using AIML_API_KEY as AIML
Key Prefix: f60de90...
Base URL: https://api.aimlapi.com/v1
Sending test request...
node : Γ¥î FAILED
At line:1 char:1
+ node 
test_chat_key.js > 
test_output.txt 2>&1
+ ~~~~~~~~~~~~~~~~~~
~~~~~~~~~~~~~~~~~~~~
~~~~~~
    + CategoryInfo  
            : NotS  
  pecified: (Γ¥î    
 FAILED:String)     
[], RemoteExcep    
tion
    + FullyQualifie 
   dErrorId : Nati  
  veCommandError
 
Error: 403 Complete 
verification to 
using the API https:
//aimlapi.com/app/ve
rification
